version: '2.4'
networks:
  test:
    labels:
      e2e: true
    driver: bridge

services:
  validator01:
    labels:
      e2e: true
    container_name: validator01
    image: omniops/halo:main
    init: true
    ports:
    - 26656:26656
    - 26657:26657
    - 6060
    volumes:
    - ./validator01:/halo
    - ./validator01_evm/jwtsecret:/geth/jwtsecret
    depends_on:
      validator01_evm:
        condition: service_healthy
    networks:
      test:
        


  # Use geth as the omni EVMs.
  # Initialises geth files and folder from provided genesis file.
  validator01_evm-init:
    labels:
      e2e: true
    container_name: validator01_evm-init
    image: "ethereum/client-go:latest"
    command: --datadir=/geth init /geth/genesis.json
    volumes:
      - ./validator01_evm:/geth
    networks:
      test:

  validator01_evm:
    labels:
      e2e: true
    container_name: validator01_evm
    image: "ethereum/client-go:latest"
    command:
      - --http
      - --http.vhosts=*
      - --http.api=eth,net,web3
      - --http.addr=0.0.0.0
      - --http.corsdomain=*
      - --ws
      - --ws.api=eth,net,web3
      - --ws.addr=0.0.0.0
      - --ws.origins=*
      - --authrpc.vhosts=*
      - --authrpc.addr=0.0.0.0
      - --authrpc.jwtsecret=/geth/jwtsecret
      - --datadir=/geth
      - --allow-insecure-unlock
      - --unlock=0x123463a4b065722e99115d6c222f267d9cabb524
      - --password=/geth/geth_password.txt
      - --nodiscover
      - --syncmode=full
      - --nodekeyhex=<nodekeyhex>
      - --bootnodes=enode://<enode_pubkey>@127.0.0.2:30303
    ports:
      - 8551:8551
      - 8545:8545
      - 30303:30303
      - 8546
    depends_on:
      validator01_evm-init:
        condition: service_completed_successfully
    healthcheck:
      test: "nc -z localhost 8545"
      interval: 1s
      retries: 30
    volumes:
      - ./validator01_evm:/geth
    networks:
      test:
        

