Halo is a consensus client implementation for the Omni Protocol

Usage:
  halo [command]

Available Commands:
  completion  Generate the autocompletion script for the specified shell
  help        Help about any command
  init        Initializes required halo files and directories
  operator    operator commands to interact with OmniAVS
  run         Runs the halo consensus client

Flags:
  -h, --help   help for halo

Use "halo [command] --help" for more information about a command.
