{
 "omega": [
  "archive01",
  "archive01_evm",
  "archive02",
  "archive02_evm",
  "fullnode01",
  "fullnode01_evm",
  "fullnode02",
  "fullnode02_evm",
  "fullnode03",
  "fullnode03_evm",
  "fullnode04",
  "fullnode04_evm",
  "fullnode05",
  "fullnode05_evm",
  "monitor",
  "relayer",
  "seed01",
  "seed01_evm",
  "seed02",
  "seed02_evm",
  "validator01",
  "validator01_evm",
  "validator02",
  "validator02_evm",
  "validator03",
  "validator03_evm",
  "validator04",
  "validator04_evm"
 ],
 "staging": [
  "fullnode01",
  "fullnode01_evm",
  "monitor",
  "relayer",
  "seed01",
  "seed01_evm",
  "validator01",
  "validator01_evm",
  "validator02",
  "validator02_evm"
 ]
}