version: '2.4'
networks:
  test:
    labels:
      e2e: true
    driver: bridge
    ipam:
      driver: default
      config:
      - subnet: 10.186.73.0/24

services:
  node0:
    labels:
      e2e: true
    container_name: node0
    image: omniops/halo:main
    init: true
    ports:
    - 26656
    - 8584:26657
    - 6060
    volumes:
    - ./node0:/halo
    networks:
      test:
        ipv4_address: 10.186.73.0

  mock_rollup:
    labels:
      e2e: true
    container_name: mock_rollup
    platform: linux/amd64
    image: omniops/forkproxy:main
    pull_policy: always
    environment:
      - FORKPROXY_CHAIN_ID=99
      - FORKPROXY_BLOCK_TIME=1
      - FORKPROXY_SLOTS_IN_AN_EPOCH=6 # Finality in 6*2*BlockPeriod
      
    ports:
      - 9000:8545
    networks:
      test:
        ipv4_address: 10.186.73.0
    
  mock_l1:
    labels:
      e2e: true
    container_name: mock_l1
    platform: linux/amd64
    image: omniops/forkproxy:main
    pull_policy: always
    environment:
      - FORKPROXY_CHAIN_ID=1
      - FORKPROXY_BLOCK_TIME=3600
      - FORKPROXY_SLOTS_IN_AN_EPOCH=6 # Finality in 6*2*BlockPeriod
      - FORKPROXY_LOAD_STATE=/anvil/state.json
    ports:
      - 9000:8545
    networks:
      test:
        ipv4_address: 10.186.73.0
    
    volumes:
      - path/to/anvil/state.json:/anvil/state.json
    

  # Use geth as the omni EVMs.
  omni_evm_0:
    labels:
      e2e: true
    container_name: omni_evm_0
    image: "ethereum/client-go:v1.14.2"
    command:
      - --config=/geth/config.toml
      # Flags not available via config.toml
      - --nat=extip:10.186.73.0
      - --pprof
      - --pprof.addr=0.0.0.0
      - --metrics
      
    ports:
      - 8551
      - 8000:8545
      - 30303
      - 8546
      - 6060
    healthcheck:
      test: "nc -z localhost 8545"
      interval: 1s
      retries: 30
    volumes:
      - ./omni_evm_0:/geth
    networks:
      test:
        ipv4_address: 10.186.73.0

  relayer:
    labels:
      e2e: true
    container_name: relayer
    image: omniops/relayer:main
    restart: unless-stopped # Restart on crash to mitigate startup race issues
    volumes:
      - ./relayer:/relayer
    networks:
      test:
        ipv4_address: 10.186.73.200

  monitor:
    labels:
      e2e: true
    container_name: monitor
    image: omniops/monitor:main
    restart: unless-stopped # Restart on crash to mitigate startup race issues
    volumes:
      - ./monitor:/monitor
    networks:
      test:
        ipv4_address: 10.186.73.201

  prometheus:
    labels:
      e2e: true
    container_name: prometheus
    image: prom/prometheus:latest
    command:
      - --config.file=/etc/prometheus/prometheus.yml
      - --web.console.libraries=/usr/share/prometheus/console_libraries
      - --web.console.templates=/usr/share/prometheus/consoles
      - --enable-feature=exemplar-storage
      - --enable-feature=agent
    restart: unless-stopped
    volumes:
      - ./prometheus/prometheus.yml:/etc/prometheus/prometheus.yml
    networks:
      test:
        ipv4_address: 10.186.73.202

  explorer_indexer:
    labels:
      e2e: true
    container_name: explorer_indexer
    image: omniops/explorer-indexer:main
    restart: unless-stopped # Restart on crash to mitigate startup race issues
    volumes:
      - ./explorer_indexer:/explorer_indexer
    networks:
      test:
        ipv4_address: 10.186.73.203

  explorer_graphql:
    labels:
      e2e: true
    container_name: explorer_graphql
    image: omniops/explorer-graphql:main
    restart: unless-stopped # Restart on crash to mitigate startup race issues
    volumes:
      - ./explorer_graphql:/explorer_graphql
    networks:
      test:
        ipv4_address: 10.186.73.204
    ports:
        - 21335:8080

  explorer_ui:
    labels:
      e2e: true
    container_name: explorer_ui
    image: omniops/explorer-ui:main
    restart: unless-stopped # Restart on crash to mitigate startup race issues
    environment:
      GRAPHQL_URL: http://localhost:8080/graphql
    volumes:
      - ./explorer_ui:/explorer_ui
    networks:
      test:
        ipv4_address: 10.186.73.205
    ports:
        - 57017:3000

  explorer_db:
    labels:
      e2e: true
    image: postgres:14-alpine
    container_name: explorer_db
    platform: linux/amd64
    environment:
      POSTGRES_DB: omni_db
      POSTGRES_USER: omni
      POSTGRES_PASSWORD: password
      ports: 5432:5432
    healthcheck:
      test: [ "CMD-SHELL", "pg_isready -U omni -d omni_db" ]
      interval: 3s
      timeout: 5s
      retries: 5
    restart: unless-stopped
    networks:
      test:
        ipv4_address: 10.186.73.206

