version: '2.4'
networks:
  test:
    labels:
      e2e: true
    driver: bridge
    ipam:
      driver: default
      config:
      - subnet: 10.186.73.0/24

services:
  node0:
    labels:
      e2e: true
    container_name: node0
    image: omniops/halo:7d1ae53
    init: true
    ports:
    - 26656
    - 8584:26657
    - 6060
    volumes:
    - ./node0:/halo
    networks:
      test:
        ipv4_address: 10.186.73.0

  mock_rollup:
    labels:
      e2e: true
    container_name: mock_rollup
    platform: linux/amd64
    image: omniops/anvilproxy:7d1ae53
    environment:
      - ANVILPROXY_CHAIN_ID=99
      - ANVILPROXY_BLOCK_TIME=1
      - ANVILPROXY_SLOTS_IN_AN_EPOCH=4 # Finality in 4*2*BlockPeriod
      
    ports:
      - 9000:8545
    networks:
      test:
        ipv4_address: 10.186.73.0
    
  mock_l1:
    labels:
      e2e: true
    container_name: mock_l1
    platform: linux/amd64
    image: omniops/anvilproxy:7d1ae53
    environment:
      - ANVILPROXY_CHAIN_ID=1
      - ANVILPROXY_BLOCK_TIME=3600
      - ANVILPROXY_SLOTS_IN_AN_EPOCH=4 # Finality in 4*2*BlockPeriod
      - FORKPROXY_LOAD_STATE=/anvil/state.json
    ports:
      - 9000:8545
    networks:
      test:
        ipv4_address: 10.186.73.0
    
    volumes:
      - path/to/anvil/state.json:/anvil/state.json
    

  # Use geth as the omni EVMs.
  omni_evm_0:
    labels:
      e2e: true
    container_name: omni_evm_0
    image: "ethereum/client-go:v1.14.5"
    command:
      - --config=/geth/config.toml
      # Flags not available via config.toml
      - --nat=extip:10.186.73.0
      - --pprof
      - --pprof.addr=0.0.0.0
      - --metrics
      
    ports:
      - 8551
      - 8000:8545
      - 30303
      - 8546
      - 6060
    healthcheck:
      test: "nc -z localhost 8545"
      interval: 1s
      retries: 30
    volumes:
      - ./omni_evm_0:/geth
    networks:
      test:
        ipv4_address: 10.186.73.0

  relayer:
    labels:
      e2e: true
    container_name: relayer
    image: omniops/relayer:7d1ae53
    restart: unless-stopped # Restart on crash to mitigate startup race issues
    volumes:
      - ./relayer:/relayer
    networks:
      test:
        ipv4_address: 10.186.73.200

  monitor:
    labels:
      e2e: true
    container_name: monitor
    image: omniops/monitor:7d1ae53
    restart: unless-stopped # Restart on crash to mitigate startup race issues
    volumes:
      - ./monitor:/monitor
    networks:
      test:
        ipv4_address: 10.186.73.201

  prometheus:
    labels:
      e2e: true
    container_name: prometheus
    image: prom/prometheus:latest
    command:
      - --config.file=/etc/prometheus/prometheus.yml
      - --web.console.libraries=/usr/share/prometheus/console_libraries
      - --web.console.templates=/usr/share/prometheus/consoles
      - --enable-feature=exemplar-storage
      - --enable-feature=agent
    restart: unless-stopped
    volumes:
      - ./prometheus/prometheus.yml:/etc/prometheus/prometheus.yml
    networks:
      test:
        ipv4_address: 10.186.73.202

