{
 "SourceChainID": 77,
 "BlockHeight": 4862148799961033790,
 "BlockHash": "0x0000000000000000000000000000000000000000000000000000000000000000",
 "Msgs": [
  {
   "SourceChainID": 77,
   "DestChainID": 0,
   "StreamOffset": 4862148799961033790,
   "SourceMsgSender": "0x0000000000000000000000000000000000000000",
   "DestAddress": "0x0000000000000000000000000000000000000000",
   "Data": "hTLrnwAAAAAAAAAAAAAAAAAAAAAAAAAAAAAAAEN50pKixOw+AAAAAAAAAAAAAAAAAAAAAAAAAAAAAAAAAAAAAAAAAEAAAAAAAAAAAAAAAAAAAAAAAAAAAAAAAAAAAAAAAAAAAwAAAAAAAAAAAAAAAEpzbbUGiTWz7WzoQFPonieuabq2AAAAAAAAAAAAAAAAAAAAAAAAAAAAAAAAYKlkYKbFALUAAAAAAAAAAAAAAAClqSZfjQzNo8QoJQnafj/BprjnqgAAAAAAAAAAAAAAAAAAAAAAAAAAAAAAACohtBPj5q6vAAAAAAAAAAAAAAAA27Mg3VKUJGFefCwB5A6Lv4it+RsAAAAAAAAAAAAAAAAAAAAAAAAAAAAAAAB06nUmGmnHrA==",
   "DestGasLimit": 0,
   "TxHash": "0x0000000000000000000000000000000000000000000000000000000000000000"
  }
 ],
 "Receipts": null,
 "Timestamp": "0001-01-01T00:00:00Z"
}