{
 "app_name": "halo",
 "app_version": "TBD",
 "genesis_time": "1970-01-01T00:00:01Z",
 "chain_id": "omni-1016561",
 "initial_height": 1,
 "app_hash": null,
 "app_state": {
  "auth": {
   "params": {
    "max_memo_characters": "256",
    "tx_sig_limit": "7",
    "tx_size_cost_per_byte": "10",
    "sig_verify_cost_ed25519": "590",
    "sig_verify_cost_secp256k1": "1000"
   },
   "accounts": [
    {
     "@type": "/cosmos.auth.v1beta1.BaseAccount",
     "address": "omni1lmet2guatml9h9qsm2pvc525xk0mrkfyeq6t3n",
     "pub_key": null,
     "account_number": "0",
     "sequence": "0"
    },
    {
     "@type": "/cosmos.auth.v1beta1.BaseAccount",
     "address": "omni1anz94xtvltxrfr3ejllev7fegc8ntgkjdwutfl",
     "pub_key": null,
     "account_number": "1",
     "sequence": "0"
    }
   ]
  },
  "bank": {
   "params": {
    "send_enabled": [],
    "default_send_enabled": true
   },
   "balances": [
    {
     "address": "omni1anz94xtvltxrfr3ejllev7fegc8ntgkjdwutfl",
     "coins": [
      {
       "denom": "stake",
       "amount": "1000000000000000000"
      }
     ]
    },
    {
     "address": "omni1lmet2guatml9h9qsm2pvc525xk0mrkfyeq6t3n",
     "coins": [
      {
       "denom": "stake",
       "amount": "1000000000000000000"
      }
     ]
    }
   ],
   "supply": [
    {
     "denom": "stake",
     "amount": "2000000000000000000"
    }
   ],
   "denom_metadata": [],
   "send_enabled": []
  },
  "distribution": {
   "params": {
    "community_tax": "0.020000000000000000",
    "base_proposer_reward": "0.000000000000000000",
    "bonus_proposer_reward": "0.000000000000000000",
    "withdraw_addr_enabled": true
   },
   "fee_pool": {
    "community_pool": []
   },
   "delegator_withdraw_infos": [],
   "previous_proposer": "",
   "outstanding_rewards": [],
   "validator_accumulated_commissions": [],
   "validator_historical_rewards": [],
   "validator_current_rewards": [],
   "delegator_starting_infos": [],
   "validator_slash_events": []
  },
  "genutil": {
   "gen_txs": [
    {
     "body": {
      "messages": [
       {
        "@type": "/cosmos.staking.v1beta1.MsgCreateValidator",
        "description": {
         "moniker": "0xFeF2b5239D5efe5b9410dA82cC5154359FB1d924",
         "identity": "",
         "website": "",
         "security_contact": "",
         "details": ""
        },
        "commission": {
         "rate": "0.000000000000000000",
         "max_rate": "0.000000000000000000",
         "max_change_rate": "0.000000000000000000"
        },
        "min_self_delegation": "1000000000000000000",
        "delegator_address": "",
        "validator_address": "omnivaloper1lmet2guatml9h9qsm2pvc525xk0mrkfylr3vxp",
        "pubkey": {
         "@type": "/cosmos.crypto.secp256k1.PubKey",
         "key": "A1xEGMRhExV5BfGP3sWqAHJPLu+p2l8g20ZBg7KGnpO8"
        },
        "value": {
         "denom": "stake",
         "amount": "1000000000000000000"
        }
       }
      ],
      "memo": "",
      "timeout_height": "0",
      "extension_options": [],
      "non_critical_extension_options": []
     },
     "auth_info": {
      "signer_infos": [],
      "fee": {
       "amount": [],
       "gas_limit": "0",
       "payer": "",
       "granter": ""
      },
      "tip": null
     },
     "signatures": []
    },
    {
     "body": {
      "messages": [
       {
        "@type": "/cosmos.staking.v1beta1.MsgCreateValidator",
        "description": {
         "moniker": "0xECC45A996cfacC348E3997fF967939460F35a2D2",
         "identity": "",
         "website": "",
         "security_contact": "",
         "details": ""
        },
        "commission": {
         "rate": "0.000000000000000000",
         "max_rate": "0.000000000000000000",
         "max_change_rate": "0.000000000000000000"
        },
        "min_self_delegation": "1000000000000000000",
        "delegator_address": "",
        "validator_address": "omnivaloper1anz94xtvltxrfr3ejllev7fegc8ntgkjtdhv7d",
        "pubkey": {
         "@type": "/cosmos.crypto.secp256k1.PubKey",
         "key": "Az1zc5dYc9IwXuBjyaIF09SGA5ITmu5mMoVPMfOw7Vsq"
        },
        "value": {
         "denom": "stake",
         "amount": "1000000000000000000"
        }
       }
      ],
      "memo": "",
      "timeout_height": "0",
      "extension_options": [],
      "non_critical_extension_options": []
     },
     "auth_info": {
      "signer_infos": [],
      "fee": {
       "amount": [],
       "gas_limit": "0",
       "payer": "",
       "granter": ""
      },
      "tip": null
     },
     "signatures": []
    }
   ]
  },
  "staking": {
   "params": {
    "unbonding_time": "1814400s",
    "max_validators": 100,
    "max_entries": 7,
    "historical_entries": 10000,
    "bond_denom": "stake",
    "min_commission_rate": "0.000000000000000000"
   },
   "last_total_power": "0",
   "last_validator_powers": [],
   "validators": [],
   "delegations": [],
   "unbonding_delegations": [],
   "redelegations": [],
   "exported": false
  },
  "valsync": {}
 },
 "consensus": {
  "params": {
   "block": {
    "max_bytes": "22020096",
    "max_gas": "-1"
   },
   "evidence": {
    "max_age_num_blocks": "100000",
    "max_age_duration": "172800000000000",
    "max_bytes": "1048576"
   },
   "validator": {
    "pub_key_types": [
     "secp256k1"
    ]
   },
   "version": {
    "app": "0"
   },
   "abci": {
    "vote_extensions_enable_height": "1"
   }
  }
 }
}