0000000000000000000000000000000000000000000000000000000000000020000000000000000000000000000000000000000000000000000000000000000100000000000000000000000000000000000000000000000000000000000000020000000000000000000000000000000000000000000000000000000000000064000000000000000000000000cbbc5da52ea2728279560dca8f4ec08d5f8299850000000000000000000000009cc971e84fe5d09d0967f15ae05dfd553c5a1fa600000000000000000000000000000000000000000000000000000000000000e0000000000000000000000000000000000000000000000000000000000003d0900000000000000000000000000000000000000000000000000000000000000004d09de08a00000000000000000000000000000000000000000000000000000000