00000000000000000000000000000000000000000000000000000000000000010000000000000000000000000000000000000000000000000000000000000064412d62a6a3115ab5a0e0cae9d63082ff8dfb002a98cc889d06dc986a9461586b