[
 {
  "address": "0x0000000000000000000000000000000000000000",
  "chainId": 1,
  "coingeckoId": "ethereum",
  "isMock": false,
  "maxSpend": "65 ETH",
  "minSpend": "0.001 ETH",
  "name": "Ether",
  "symbol": "ETH"
 },
 {
  "address": "0x0000000000000000000000000000000000000000",
  "chainId": 42161,
  "coingeckoId": "ethereum",
  "isMock": false,
  "maxSpend": "6 ETH",
  "minSpend": "0.001 ETH",
  "name": "Ether",
  "symbol": "ETH"
 },
 {
  "address": "0x0000000000000000000000000000000000000000",
  "chainId": 8453,
  "coingeckoId": "ethereum",
  "isMock": false,
  "maxSpend": "6 ETH",
  "minSpend": "0.001 ETH",
  "name": "Ether",
  "symbol": "ETH"
 },
 {
  "address": "0x0000000000000000000000000000000000000000",
  "chainId": 10,
  "coingeckoId": "ethereum",
  "isMock": false,
  "maxSpend": "6 ETH",
  "minSpend": "0.001 ETH",
  "name": "Ether",
  "symbol": "ETH"
 },
 {
  "address": "0x0000000000000000000000000000000000000000",
  "chainId": 17000,
  "coingeckoId": "ethereum",
  "isMock": false,
  "maxSpend": "3 ETH",
  "minSpend": "0.001 ETH",
  "name": "Ether",
  "symbol": "ETH"
 },
 {
  "address": "0x0000000000000000000000000000000000000000",
  "chainId": 421614,
  "coingeckoId": "ethereum",
  "isMock": false,
  "maxSpend": "3 ETH",
  "minSpend": "0.001 ETH",
  "name": "Ether",
  "symbol": "ETH"
 },
 {
  "address": "0x0000000000000000000000000000000000000000",
  "chainId": 84532,
  "coingeckoId": "ethereum",
  "isMock": false,
  "maxSpend": "3 ETH",
  "minSpend": "0.001 ETH",
  "name": "Ether",
  "symbol": "ETH"
 },
 {
  "address": "0x0000000000000000000000000000000000000000",
  "chainId": 11155420,
  "coingeckoId": "ethereum",
  "isMock": false,
  "maxSpend": "3 ETH",
  "minSpend": "0.001 ETH",
  "name": "Ether",
  "symbol": "ETH"
 },
 {
  "address": "0x0000000000000000000000000000000000000000",
  "chainId": 1652,
  "coingeckoId": "ethereum",
  "isMock": false,
  "maxSpend": "3 ETH",
  "minSpend": "0.001 ETH",
  "name": "Ether",
  "symbol": "ETH"
 },
 {
  "address": "0x0000000000000000000000000000000000000000",
  "chainId": 1654,
  "coingeckoId": "ethereum",
  "isMock": false,
  "maxSpend": "3 ETH",
  "minSpend": "0.001 ETH",
  "name": "Ether",
  "symbol": "ETH"
 },
 {
  "address": "0x0000000000000000000000000000000000000000",
  "chainId": 166,
  "coingeckoId": "omni-network",
  "isMock": false,
  "maxSpend": "120000 OMNI",
  "minSpend": "0.1 OMNI",
  "name": "Omni Network",
  "symbol": "OMNI"
 },
 {
  "address": "0x0000000000000000000000000000000000000000",
  "chainId": 164,
  "coingeckoId": "omni-network",
  "isMock": false,
  "maxSpend": "1000 OMNI",
  "minSpend": "0.1 OMNI",
  "name": "Omni Network",
  "symbol": "OMNI"
 },
 {
  "address": "0x0000000000000000000000000000000000000000",
  "chainId": 1650,
  "coingeckoId": "omni-network",
  "isMock": false,
  "maxSpend": "1000 OMNI",
  "minSpend": "0.1 OMNI",
  "name": "Omni Network",
  "symbol": "OMNI"
 },
 {
  "address": "0x0000000000000000000000000000000000000000",
  "chainId": 1651,
  "coingeckoId": "omni-network",
  "isMock": false,
  "maxSpend": "1000 OMNI",
  "minSpend": "0.1 OMNI",
  "name": "Omni Network",
  "symbol": "OMNI"
 },
 {
  "address": "0xA0b86991c6218b36c1d19D4a2e9Eb0cE3606eB48",
  "chainId": 1,
  "coingeckoId": "usdc",
  "isMock": false,
  "maxSpend": "100000 USDC",
  "minSpend": "0.1 USDC",
  "name": "USD Coin",
  "symbol": "USDC"
 },
 {
  "address": "0xaf88d065e77c8cC2239327C5EDb3A432268e5831",
  "chainId": 42161,
  "coingeckoId": "usdc",
  "isMock": false,
  "maxSpend": "10000 USDC",
  "minSpend": "0.1 USDC",
  "name": "USD Coin",
  "symbol": "USDC"
 },
 {
  "address": "0x0b2C639c533813f4Aa9D7837CAf62653d097Ff85",
  "chainId": 10,
  "coingeckoId": "usdc",
  "isMock": false,
  "maxSpend": "10000 USDC",
  "minSpend": "0.1 USDC",
  "name": "USD Coin",
  "symbol": "USDC"
 },
 {
  "address": "0x833589fCD6eDb6E08f4c7C32D4f71b54bdA02913",
  "chainId": 8453,
  "coingeckoId": "usdc",
  "isMock": false,
  "maxSpend": "10000 USDC",
  "minSpend": "0.1 USDC",
  "name": "USD Coin",
  "symbol": "USDC"
 },
 {
  "address": "0x1c7D4B196Cb0C7B01d743Fbc6116a902379C7238",
  "chainId": 11155111,
  "coingeckoId": "usdc",
  "isMock": false,
  "maxSpend": "10 USDC",
  "minSpend": "0.1 USDC",
  "name": "USD Coin",
  "symbol": "USDC"
 },
 {
  "address": "0x75faf114eafb1BDbe2F0316DF893fd58CE46AA4d",
  "chainId": 421614,
  "coingeckoId": "usdc",
  "isMock": false,
  "maxSpend": "10 USDC",
  "minSpend": "0.1 USDC",
  "name": "USD Coin",
  "symbol": "USDC"
 },
 {
  "address": "0x5fd84259d66Cd46123540766Be93DFE6D43130D7",
  "chainId": 11155420,
  "coingeckoId": "usdc",
  "isMock": false,
  "maxSpend": "10 USDC",
  "minSpend": "0.1 USDC",
  "name": "USD Coin",
  "symbol": "USDC"
 },
 {
  "address": "0x036CbD53842c5426634e7929541eC2318f3dCF7e",
  "chainId": 84532,
  "coingeckoId": "usdc",
  "isMock": false,
  "maxSpend": "10 USDC",
  "minSpend": "0.1 USDC",
  "name": "USD Coin",
  "symbol": "USDC"
 },
 {
  "address": "0xdAC17F958D2ee523a2206206994597C13D831ec7",
  "chainId": 1,
  "coingeckoId": "tether",
  "isMock": false,
  "maxSpend": "10000 USDT",
  "minSpend": "0.1 USDT",
  "name": "Tether",
  "symbol": "USDT"
 },
 {
  "address": "0xFd086bC7CD5C481DCC9C85ebE478A1C0b69FCbb9",
  "chainId": 42161,
  "coingeckoId": "tether",
  "isMock": false,
  "maxSpend": "10000 USDT",
  "minSpend": "0.1 USDT",
  "name": "Tether",
  "symbol": "USDT"
 },
 {
  "address": "0x94b008aA00579c1307B0EF2c499aD98a8ce58e58",
  "chainId": 10,
  "coingeckoId": "tether",
  "isMock": false,
  "maxSpend": "10000 USDT",
  "minSpend": "0.1 USDT",
  "name": "Tether",
  "symbol": "USDT"
 },
 {
  "address": "0x36E66fbBce51e4cD5bd3C62B637Eb411b18949D4",
  "chainId": 1,
  "coingeckoId": "omni-network",
  "isMock": false,
  "maxSpend": "120000 OMNI",
  "minSpend": "0.1 OMNI",
  "name": "Omni Network",
  "symbol": "OMNI"
 },
 {
  "address": "0xD036C60f46FF51dd7Fbf6a819b5B171c8A076b07",
  "chainId": 17000,
  "coingeckoId": "omni-network",
  "isMock": false,
  "maxSpend": "1000 OMNI",
  "minSpend": "0.1 OMNI",
  "name": "Omni Network",
  "symbol": "OMNI"
 },
 {
  "address": "0xB50029Dc0DF4Db0193F25a8E41DEa207c13D09BB",
  "chainId": 17000,
  "coingeckoId": "omni-network",
  "isMock": false,
  "maxSpend": "1000 OMNI",
  "minSpend": "0.1 OMNI",
  "name": "Omni Network",
  "symbol": "OMNI"
 },
 {
  "address": "0x73cC960fb6705e9a6A3d9EAf4De94a828CFa6d2a",
  "chainId": 1652,
  "coingeckoId": "omni-network",
  "isMock": false,
  "maxSpend": "1000 OMNI",
  "minSpend": "0.1 OMNI",
  "name": "Omni Network",
  "symbol": "OMNI"
 },
 {
  "address": "0xc1CBa3fCea344f92D9239c08C0568f6F2F0ee452",
  "chainId": 8453,
  "coingeckoId": "wrapped-steth",
  "isMock": false,
  "maxSpend": "6 wstETH",
  "minSpend": "0.001 wstETH",
  "name": "Wrapped Staked Ether",
  "symbol": "wstETH"
 },
 {
  "address": "0x7f39C581F595B53c5cb19bD0b3f8dA6c935E2Ca0",
  "chainId": 1,
  "coingeckoId": "wrapped-steth",
  "isMock": false,
  "maxSpend": "6 wstETH",
  "minSpend": "0.001 wstETH",
  "name": "Wrapped Staked Ether",
  "symbol": "wstETH"
 },
 {
  "address": "0x8d09a4502Cc8Cf1547aD300E066060D043f6982D",
  "chainId": 17000,
  "coingeckoId": "wrapped-steth",
  "isMock": false,
  "maxSpend": "0.01 wstETH",
  "minSpend": "0.001 wstETH",
  "name": "Wrapped Staked Ether",
  "symbol": "wstETH"
 },
 {
  "address": "0xB82381A3fBD3FaFA77B3a7bE693342618240067b",
  "chainId": 11155111,
  "coingeckoId": "wrapped-steth",
  "isMock": false,
  "maxSpend": "0.01 wstETH",
  "minSpend": "0.001 wstETH",
  "name": "Wrapped Staked Ether",
  "symbol": "wstETH"
 },
 {
  "address": "0xae7ab96520DE3A18E5e111B5EaAb095312D7fE84",
  "chainId": 1,
  "coingeckoId": "lido-staked-ether",
  "isMock": false,
  "maxSpend": "6 stETH",
  "minSpend": "0.001 stETH",
  "name": "Lido Staked Ether",
  "symbol": "stETH"
 },
 {
  "address": "0x3F1c547b21f65e10480dE3ad8E19fAAC46C95034",
  "chainId": 17000,
  "coingeckoId": "lido-staked-ether",
  "isMock": false,
  "maxSpend": "0.1 stETH",
  "minSpend": "0.001 stETH",
  "name": "Lido Staked Ether",
  "symbol": "stETH"
 },
 {
  "address": "0x6319df7c227e34B967C1903A08a698A3cC43492B",
  "chainId": 84532,
  "coingeckoId": "wrapped-steth",
  "isMock": true,
  "maxSpend": "0.01 wstETH",
  "minSpend": "0.001 wstETH",
  "name": "Wrapped Staked Ether",
  "symbol": "wstETH"
 },
 {
  "address": "0x86156a9225DCE4781005d8CDC48106e308A0F338",
  "chainId": 1652,
  "coingeckoId": "wrapped-steth",
  "isMock": true,
  "maxSpend": "0.01 wstETH",
  "minSpend": "0.001 wstETH",
  "name": "Wrapped Staked Ether",
  "symbol": "wstETH"
 },
 {
  "address": "0xFaC41d3e0777E7F5611bcedDD827A05C0cea985f",
  "chainId": 1652,
  "coingeckoId": "usdc",
  "isMock": true,
  "maxSpend": "10 USDC",
  "minSpend": "0.1 USDC",
  "name": "USD Coin",
  "symbol": "USDC"
 },
 {
  "address": "0x86156a9225DCE4781005d8CDC48106e308A0F338",
  "chainId": 1654,
  "coingeckoId": "wrapped-steth",
  "isMock": true,
  "maxSpend": "0.01 wstETH",
  "minSpend": "0.001 wstETH",
  "name": "Wrapped Staked Ether",
  "symbol": "wstETH"
 },
 {
  "address": "0xFaC41d3e0777E7F5611bcedDD827A05C0cea985f",
  "chainId": 1654,
  "coingeckoId": "usdc",
  "isMock": true,
  "maxSpend": "10 USDC",
  "minSpend": "0.1 USDC",
  "name": "USD Coin",
  "symbol": "USDC"
 },
 {
  "address": "0xe4075366F03C286846dECE8AAF104cF2a542294d",
  "chainId": 84532,
  "coingeckoId": "omni-network",
  "isMock": true,
  "maxSpend": "1000 OMNI",
  "minSpend": "0.1 OMNI",
  "name": "Omni Network",
  "symbol": "OMNI"
 },
 {
  "address": "0x0b3AED256a51919b660fF79a280A309EecA9d688",
  "chainId": 11155420,
  "coingeckoId": "omni-network",
  "isMock": true,
  "maxSpend": "1000 OMNI",
  "minSpend": "0.1 OMNI",
  "name": "Omni Network",
  "symbol": "OMNI"
 },
 {
  "address": "0xd859f9Ff3C9700fB623Dc8e76217ba2a9f8613F0",
  "chainId": 421614,
  "coingeckoId": "omni-network",
  "isMock": true,
  "maxSpend": "1000 OMNI",
  "minSpend": "0.1 OMNI",
  "name": "Omni Network",
  "symbol": "OMNI"
 }
]