global:
  scrape_interval: 1m # Set the scrape interval to 1m (default).
  evaluation_interval: 1m # Evaluate rules every 1m (default).

scrape_configs:
  - job_name: "halo"
    metrics_path: "/metrics"
    static_configs:
      - targets: ["validator01:26660"] # halo targets
        labels:
          network: 'manifest1-localhost'
          host: 'localhost-2'

  - job_name: "geth"
    metrics_path: "/debug/metrics/prometheus"
    static_configs:
      - targets: ["omni_evm:6060"] # geth targets
        labels:
          network: 'manifest1-localhost'
          host: 'localhost-2'

  - job_name: "relayer"
    metrics_path: "/metrics"
    static_configs:
      - targets: [] # relayer targets
        labels:
          network: 'manifest1-localhost'
          host: 'localhost-2'

  - job_name: "monitor"
    metrics_path: "/metrics"
    static_configs:
      - targets: [] # monitor targets
        labels:
          network: 'manifest1-localhost'
          host: 'localhost-2'

  - job_name: "solver"
    metrics_path: "/metrics"
    static_configs:
      - targets: [] # solver targets
        labels:
          network: 'manifest1-localhost'
          host: 'localhost-2'

