{
 "devnet": {
  "Global": {
   "PauseAll": false,
   "PauseOpen": false,
   "PauseClose": false
  },
  "ChainOverrides": null
 },
 "mainnet": {
  "Global": {
   "PauseAll": false,
   "PauseOpen": false,
   "PauseClose": false
  },
  "ChainOverrides": null
 },
 "omega": {
  "Global": {
   "PauseAll": false,
   "PauseOpen": false,
   "PauseClose": false
  },
  "ChainOverrides": null
 },
 "staging": {
  "Global": {
   "PauseAll": true,
   "PauseOpen": false,
   "PauseClose": false
  },
  "ChainOverrides": {
   "11155420": {
    "PauseAll": false,
    "PauseOpen": false,
    "PauseClose": false
   },
   "84532": {
    "PauseAll": false,
    "PauseOpen": false,
    "PauseClose": true
   }
  }
 }
}