{
 "config": {
  "chainId": 1,
  "homesteadBlock": 0,
  "eip150Block": 0,
  "eip155Block": 0,
  "eip158Block": 0,
  "byzantiumBlock": 0,
  "constantinopleBlock": 0,
  "petersburgBlock": 0,
  "istanbulBlock": 0,
  "muirGlacierBlock": 0,
  "berlinBlock": 0,
  "londonBlock": 0,
  "arrowGlacierBlock": 0,
  "grayGlacierBlock": 0,
  "shanghaiTime": 0,
  "terminalTotalDifficulty": 0,
  "terminalTotalDifficultyPassed": true
 },
 "nonce": "0x0",
 "timestamp": "0x0",
 "extraData": "0x",
 "gasLimit": "0x47e7c4",
 "difficulty": "0x1",
 "mixHash": "0x0000000000000000000000000000000000000000000000000000000000000000",
 "coinbase": "0x0000000000000000000000000000000000000000",
 "alloc": {
  "0000000000000000000000000000000000000001": {
   "balance": "0x1"
  },
  "0000000000000000000000000000000000000002": {
   "balance": "0x1"
  },
  "0000000000000000000000000000000000000003": {
   "balance": "0x1"
  },
  "0000000000000000000000000000000000000004": {
   "balance": "0x1"
  },
  "0000000000000000000000000000000000000005": {
   "balance": "0x1"
  },
  "0000000000000000000000000000000000000006": {
   "balance": "0x1"
  },
  "0000000000000000000000000000000000000007": {
   "balance": "0x1"
  },
  "0000000000000000000000000000000000000008": {
   "balance": "0x1"
  },
  "0000000000000000000000000000000000000009": {
   "balance": "0x1"
  },
  "121e240000000000000000000000000000000002": {
   "code": "0x60806040526004361061001e5760003560e01c806398b1e06a14610023575b600080fd5b610036610031366004610205565b610038565b005b670de0b6b3a764000034116100945760405162461bcd60e51b815260206004820152601e60248201527f4f6d6e695374616b653a206465706f73697420616d7420746f6f206c6f77000060448201526064015b60405180910390fd5b67ffffffffffffffff34106100eb5760405162461bcd60e51b815260206004820152601f60248201527f4f6d6e695374616b653a206465706f73697420616d7420746f6f206869676800604482015260640161008b565b6100f481610190565b6001600160a01b0316336001600160a01b0316146101545760405162461bcd60e51b815260206004820152601c60248201527f4f6d6e695374616b653a207075626b6579206e6f742073656e64657200000000604482015260640161008b565b7f3884ea6795b4d6e562e2ed70773e296848c9e2d02715686fe7adfc60e4d9abca81346040516101859291906102b6565b60405180910390a150565b600081516040146101e35760405162461bcd60e51b815260206004820181905260248201527f536563703235366b313a20696e76616c6964207075626b6579206c656e677468604482015260640161008b565b50805160209091012090565b634e487b7160e01b600052604160045260246000fd5b60006020828403121561021757600080fd5b813567ffffffffffffffff8082111561022f57600080fd5b818401915084601f83011261024357600080fd5b813581811115610255576102556101ef565b604051601f8201601f19908116603f0116810190838211818310171561027d5761027d6101ef565b8160405282815287602084870101111561029657600080fd5b826020860160208301376000928101602001929092525095945050505050565b604081526000835180604084015260005b818110156102e457602081870181015160608684010152016102c7565b506000606082850101526060601f19601f830116840101915050826020830152939250505056fea264697066735822122093c09ee8702e945944d2eab92dd3e614a95852d0d549b56c12a6e193a3ec570764736f6c63430008180033",
   "balance": "0x1"
  },
  "14dc79964da2c08b23698b3d3cc7ca32193d9955": {
   "balance": "0x3635c9adc5dea00000"
  },
  "15d34aaf54267db7d7c367839aaf71a00a2c6a65": {
   "balance": "0x3635c9adc5dea00000"
  },
  "23618e81e3f5cdf7f54c3d65f7fbc0abf5b21e8f": {
   "balance": "0x3635c9adc5dea00000"
  },
  "3c44cdddb6a900fa2b585dd299e03d12fa4293bc": {
   "balance": "0x3635c9adc5dea00000"
  },
  "70997970c51812dc3a010c7d01b50e0d17dc79c8": {
   "balance": "0x3635c9adc5dea00000"
  },
  "90f79bf6eb2c4f870365e785982e1f101e93b906": {
   "balance": "0x3635c9adc5dea00000"
  },
  "976ea74026e726554db657fa54763abd0c3a0aa9": {
   "balance": "0x3635c9adc5dea00000"
  },
  "9965507d1a55bcc2695c58ba16fb37d819b0a4dc": {
   "balance": "0x3635c9adc5dea00000"
  },
  "a0ee7a142d267c1f36714e4a8f75612f20a79720": {
   "balance": "0x3635c9adc5dea00000"
  },
  "f39fd6e51aad88f6f4ce6ab8827279cfffb92266": {
   "balance": "0x3635c9adc5dea00000"
  }
 },
 "number": "0x0",
 "gasUsed": "0x0",
 "parentHash": "0x0000000000000000000000000000000000000000000000000000000000000000",
 "baseFeePerGas": "0x3b9aca00",
 "excessBlobGas": null,
 "blobGasUsed": null
}